
> podmark---elite-social-media-agency@0.0.0 build
> vite build

[36mvite v6.4.1 [32mbuilding for production...[36m[39m
node.exe : 
At line:1 char:1
+ & "C:\Program 
Files\nodejs/node.exe" 
"C:\Program 
Files\nodejs/node_mo ...
+ ~~~~~~~~~~~~~~~~~~~~~~~~~~
~~~~~~~~~~~~~~~~~~~~~~~~~~~~
~~~~~~~~~~~~~~~
    + CategoryInfo          
    : NotSpecified: (:Stri  
  ng) [], RemoteException
    + FullyQualifiedErrorId 
    : NativeCommandError
 
/index.css doesn't exist at 
build time, it will remain 
unchanged to be resolved at 
runtime
transforming...
[32mΓ£ô[39m 464 modules transformed.
rendering chunks...
computing gzip size...
[2mdist/[22m[32mindex.html                [39m[1m[2m  3.78 kB[22m[1m[22m[2m Γöé gzip:   1.38 kB[22m
[2mdist/[22m[36massets/index-DQjY2jsV.js  [39m[1m[33m677.09 kB[39m[22m[2m Γöé gzip: 205.28 kB[22m
[33m
(!) Some chunks are larger 
than 500 kB after 
minification. Consider:
- Using dynamic import() to 
code-split the application
- Use build.rollupOptions.ou
tput.manualChunks to 
improve chunking: https://ro
llupjs.org/configuration-opt
ions/#output-manualchunks
- Adjust chunk size limit 
for this warning via build.c
hunkSizeWarningLimit.[39m
[32mΓ£ô built in 2.72s[39m
